Loading weights:   0%|          | 0/883 [00:00<?, ?it/s]Loading weights:   0%|          | 1/883 [00:00<06:21,  2.31it/s]Loading weights:  27%|██▋       | 237/883 [00:00<00:01, 578.17it/s]Loading weights:  42%|████▏     | 368/883 [00:00<00:00, 572.49it/s]Loading weights:  53%|█████▎    | 465/883 [00:00<00:00, 632.91it/s]Loading weights:  86%|████████▌ | 759/883 [00:00<00:00, 1152.26it/s]Loading weights: 100%|██████████| 883/883 [00:01<00:00, 855.05it/s] 
Gemma full-token capture 32/384
Gemma full-token capture 64/384
Gemma full-token capture 96/384
Gemma full-token capture 128/384
Gemma full-token capture 160/384
Gemma full-token capture 192/384
Gemma full-token capture 224/384
Gemma full-token capture 256/384
Gemma full-token capture 288/384
Gemma full-token capture 320/384
Gemma full-token capture 352/384
Gemma full-token capture 384/384
Loading weights:   0%|          | 0/398 [00:00<?, ?it/s]Loading weights:   0%|          | 1/398 [00:00<01:24,  4.69it/s]Loading weights:  37%|███▋      | 147/398 [00:00<00:00, 585.86it/s]Loading weights:  59%|█████▊    | 233/398 [00:00<00:00, 604.00it/s]Loading weights:  77%|███████▋  | 308/398 [00:00<00:00, 601.54it/s]Loading weights:  95%|█████████▍| 377/398 [00:00<00:00, 592.13it/s]Loading weights: 100%|██████████| 398/398 [00:00<00:00, 554.14it/s]
No-alignment evaluation 32/384
No-alignment evaluation 64/384
No-alignment evaluation 96/384
No-alignment evaluation 128/384
No-alignment evaluation 160/384
No-alignment evaluation 192/384
No-alignment evaluation 224/384
No-alignment evaluation 256/384
No-alignment evaluation 288/384
No-alignment evaluation 320/384
No-alignment evaluation 352/384
No-alignment evaluation 384/384
{
  "gemma_full_native": {
    "correct": 246,
    "count": 384,
    "accuracy": 0.640625
  },
  "qwen_full_native": {
    "correct": 274,
    "count": 384,
    "accuracy": 0.7135416666666666
  },
  "qwen_fullsync_oracle": {
    "correct": 275,
    "count": 384,
    "accuracy": 0.7161458333333334
  },
  "noalign_stage_a": {
    "correct": 165,
    "count": 384,
    "accuracy": 0.4296875,
    "choice_kl": 1.5036986974320665
  },
  "noalign_stage_b": {
    "correct": 247,
    "count": 384,
    "accuracy": 0.6432291666666666,
    "choice_kl": 0.5979723623301348
  },
  "aligned_stage_a": {
    "correct": 158,
    "count": 384,
    "accuracy": 0.4114583333333333
  },
  "aligned_stage_b": {
    "correct": 245,
    "count": 384,
    "accuracy": 0.6380208333333334
  },
  "token_counts": {
    "gemma_mean": 58.104166666666664,
    "qwen_mean": 57.606770833333336
  }
}
