Loading weights:   0%|          | 0/398 [00:00<?, ?it/s]Loading weights:   0%|          | 1/398 [00:00<02:20,  2.82it/s]Loading weights:  32%|███▏      | 126/398 [00:00<00:00, 358.35it/s]Loading weights:  50%|████▉     | 198/398 [00:00<00:00, 339.89it/s]Loading weights:  63%|██████▎   | 252/398 [00:00<00:00, 319.11it/s]Loading weights:  74%|███████▍  | 296/398 [00:01<00:00, 292.54it/s]Loading weights:  84%|████████▎ | 333/398 [00:01<00:00, 295.02it/s]Loading weights:  92%|█████████▏| 368/398 [00:01<00:00, 267.25it/s]Loading weights: 100%|██████████| 398/398 [00:01<00:00, 276.58it/s]
Loading weights:   0%|          | 0/254 [00:00<?, ?it/s]Loading weights:   0%|          | 1/254 [00:00<01:38,  2.57it/s]Loading weights:  40%|████      | 102/254 [00:00<00:00, 270.48it/s]Loading weights:  63%|██████▎   | 160/254 [00:00<00:00, 243.35it/s]Loading weights:  79%|███████▉  | 201/254 [00:00<00:00, 234.51it/s]Loading weights:  93%|█████████▎| 235/254 [00:01<00:00, 243.11it/s]Loading weights: 100%|██████████| 254/254 [00:01<00:00, 220.42it/s]
CHAT TRANSFER mcq 1/16
CHAT TRANSFER mcq 2/16
CHAT TRANSFER mcq 3/16
CHAT TRANSFER mcq 4/16
CHAT TRANSFER mcq 5/16
CHAT TRANSFER mcq 6/16
CHAT TRANSFER mcq 7/16
CHAT TRANSFER mcq 8/16
CHAT TRANSFER mcq 9/16
CHAT TRANSFER mcq 10/16
CHAT TRANSFER mcq 11/16
CHAT TRANSFER mcq 12/16
CHAT TRANSFER mcq 13/16
CHAT TRANSFER mcq 14/16
CHAT TRANSFER mcq 15/16
CHAT TRANSFER mcq 16/16
CHAT TRANSFER gsm8k 1/16
CHAT TRANSFER gsm8k 2/16
CHAT TRANSFER gsm8k 3/16
CHAT TRANSFER gsm8k 4/16
CHAT TRANSFER gsm8k 5/16
CHAT TRANSFER gsm8k 6/16
CHAT TRANSFER gsm8k 7/16
CHAT TRANSFER gsm8k 8/16
CHAT TRANSFER gsm8k 9/16
CHAT TRANSFER gsm8k 10/16
CHAT TRANSFER gsm8k 11/16
CHAT TRANSFER gsm8k 12/16
CHAT TRANSFER gsm8k 13/16
CHAT TRANSFER gsm8k 14/16
CHAT TRANSFER gsm8k 15/16
CHAT TRANSFER gsm8k 16/16
{"status": "completed", "count": 16, "metrics": {"gsm8k_stage_a": {"Answer F1": 0.2777777777777778, "Answer F1 by type": {"extractive": 0.0, "abstractive": 0.027777777777777776, "boolean": 0.0, "none": 0.8666666666666666}, "Missing predictions": 0, "EOS_rate": 1.0, "mean_generated_tokens": 5.5}, "gsm8k_stage_b": {"Answer F1": 0.4021929824561403, "Answer F1 by type": {"extractive": 0.12280701754385964, "abstractive": 0.1, "boolean": 0.16666666666666666, "none": 1.0}, "Missing predictions": 0, "EOS_rate": 0.9375, "mean_generated_tokens": 13.0}, "mcq_stage_a": {"Answer F1": 0.013251586937064254, "Answer F1 by type": {"extractive": 0.02849616858237548, "abstractive": 0.025307377049180325, "boolean": 0.0, "none": 0.0}, "Missing predictions": 0, "EOS_rate": 0.0, "mean_generated_tokens": 128.0}, "mcq_stage_b": {"Answer F1": 0.028737270266938193, "Answer F1 by type": {"extractive": 0.0762045095240288, "abstractive": 0.04623655913978495, "boolean": 0.0, "none": 0.0}, "Missing predictions": 0, "EOS_rate": 0.0625, "mean_generated_tokens": 122.0}}, "native_chat_metrics": {"full": {"Answer F1": 0.4499138767086189, "Answer F1 by type": {"extractive": 0.5970366584320074, "abstractive": 0.18225735617039965, "boolean": 0.16666666666666666, "none": 0.75}, "Missing predictions": 0, "EOS_rate": 1.0, "mean_generated_tokens": 17.0, "max_token_rate": 0.0}, "cache": {"Answer F1": 0.4499138767086189, "Answer F1 by type": {"extractive": 0.5970366584320074, "abstractive": 0.18225735617039965, "boolean": 0.16666666666666666, "none": 0.75}, "Missing predictions": 0, "EOS_rate": 1.0, "mean_generated_tokens": 17.0, "max_token_rate": 0.0}}, "note": "Same samples and raw official answer F1; frozen old Writers; no QASPER training."}
CHAT TRANSFER COMPLETED
