Loading weights:   0%|          | 0/254 [00:00<?, ?it/s]Loading weights:   0%|          | 1/254 [00:00<00:59,  4.27it/s]Loading weights:  47%|████▋     | 120/254 [00:00<00:00, 450.21it/s]Loading weights:  74%|███████▍  | 189/254 [00:00<00:00, 485.75it/s]Loading weights:  99%|█████████▉| 251/254 [00:00<00:00, 490.20it/s]Loading weights: 100%|██████████| 254/254 [00:00<00:00, 430.57it/s]
Loading weights:   0%|          | 0/398 [00:00<?, ?it/s]Loading weights:   0%|          | 1/398 [00:00<01:18,  5.08it/s]Loading weights:  36%|███▌      | 143/398 [00:00<00:00, 595.13it/s]Loading weights:  57%|█████▋    | 226/398 [00:00<00:00, 583.31it/s]Loading weights:  75%|███████▍  | 297/398 [00:00<00:00, 598.69it/s]Loading weights:  92%|█████████▏| 365/398 [00:00<00:00, 620.06it/s]Loading weights: 100%|██████████| 398/398 [00:00<00:00, 556.99it/s]
Full-Sync frozen evaluation 3/3
{
  "overall": {
    "qwen_full_native": {
      "correct": 3,
      "total": 3,
      "accuracy": 1.0
    },
    "fullsync_native_oracle": {
      "correct": 3,
      "total": 3,
      "accuracy": 1.0
    },
    "fullsync_stage_a": {
      "correct": 2,
      "total": 3,
      "accuracy": 0.6666666666666666
    },
    "fullsync_stage_b": {
      "correct": 2,
      "total": 3,
      "accuracy": 0.6666666666666666
    },
    "rawanchor_stage_a": {
      "correct": 2,
      "total": 3,
      "accuracy": 0.6666666666666666
    },
    "rawanchor_stage_b": {
      "correct": 1,
      "total": 3,
      "accuracy": 0.3333333333333333
    }
  },
  "arc_challenge": {
    "qwen_full_native": {
      "correct": 2,
      "total": 2,
      "accuracy": 1.0
    },
    "fullsync_native_oracle": {
      "correct": 2,
      "total": 2,
      "accuracy": 1.0
    },
    "fullsync_stage_a": {
      "correct": 2,
      "total": 2,
      "accuracy": 1.0
    },
    "fullsync_stage_b": {
      "correct": 2,
      "total": 2,
      "accuracy": 1.0
    },
    "rawanchor_stage_a": {
      "correct": 2,
      "total": 2,
      "accuracy": 1.0
    },
    "rawanchor_stage_b": {
      "correct": 1,
      "total": 2,
      "accuracy": 0.5
    }
  },
  "mmlu_pro": {
    "qwen_full_native": {
      "correct": 1,
      "total": 1,
      "accuracy": 1.0
    },
    "fullsync_native_oracle": {
      "correct": 1,
      "total": 1,
      "accuracy": 1.0
    },
    "fullsync_stage_a": {
      "correct": 0,
      "total": 1,
      "accuracy": 0.0
    },
    "fullsync_stage_b": {
      "correct": 0,
      "total": 1,
      "accuracy": 0.0
    },
    "rawanchor_stage_a": {
      "correct": 0,
      "total": 1,
      "accuracy": 0.0
    },
    "rawanchor_stage_b": {
      "correct": 0,
      "total": 1,
      "accuracy": 0.0
    }
  }
}
